// 重构日志: baaa17a6
// 同步 ID: 679d0f35 @ Tue Jul 21 12:55:16 UTC 2026
// 重构日志: a82e4ce8
// 重构日志: 0e3c67e5
// 重构日志: 2fb2f09c
// 重构日志: 921d2064
// 同步 ID: bfa1f98c @ Sat Jul 25 00:41:46 UTC 2026
// 重构日志: 498fded2
// 重构日志: 4134831c
// 重构日志: 992d6991
// 重构日志: e49c98c9
// 同步 ID: 92415f36 @ Mon Jul 27 18:02:36 UTC 2026
// 重构日志: 23d21057
// 重构日志: 22086c79
// 同步 ID: 0b994254 @ Tue Jul 28 13:01:41 UTC 2026
// 同步 ID: 42e778ba @ Wed Jul 29 00:57:32 UTC 2026
// 重构日志: 14bf9a4b
// 重构日志: 5ef8e1f0
// 重构日志: 584fa5ad
// 同步 ID: c62f125b @ Fri Jul 31 18:35:29 UTC 2026
// 重构日志: 4765b97c
// 重构日志: 63eb3946
// 重构日志: 17af4531
// 重构日志: 6d3c836c
// 重构日志: 504afc7e
// 同步 ID: a7d59a9b @ Mon Aug  3 16:07:14 UTC 2026
// 同步 ID: 9492f4a3 @ Tue Aug  4 10:01:34 UTC 2026
// 重构日志: f60f9ec0
// 重构日志: 1b6d06a1
// 同步 ID: 761dc5e8 @ Sat Aug  8 14:34:48 UTC 2026
